============================= test session starts =============================
platform win32 -- Python 3.13.0, pytest-8.4.2, pluggy-1.6.0
rootdir: C:\Users\15717\Desktop\Forcust_tool_antigravity
configfile: pyproject.toml
plugins: anyio-4.12.0
collected 5 items

tests\test_models.py ..                                                  [ 40%]
tests\test_pipeline.py .F.                                               [100%]

================================== FAILURES ===================================
_________________________ test_pipeline_training_data _________________________

    def test_pipeline_training_data():
        dates = pd.date_range(start='2023-01-01', periods=100)
        df = pd.DataFrame({
            'Open': np.random.rand(100) * 100,
            'High': np.random.rand(100) * 100,
            'Low': np.random.rand(100) * 100,
            'Close': np.random.rand(100) * 100,
            'Volume': np.random.randint(1000, 10000, 100)
        }, index=dates)
    
        pipeline = FeaturePipeline()
        X, y, cols = pipeline.get_training_data(df)
    
>       assert not X.empty
E       assert not True
E        +  where True = Empty DataFrame\nColumns: [RSI, MACD, MACD_signal, MACD_diff, BB_high, BB_low, BB_width, SMA_50, SMA_200, Log_Return, Volatility_20]\nIndex: [].empty

tests\test_pipeline.py:37: AssertionError
=========================== short test summary info ===========================
FAILED tests/test_pipeline.py::test_pipeline_training_data - assert not True
========================= 1 failed, 4 passed in 3.12s =========================
